int main()
{
    const int a[4] = {1, 2, 3, 4};
    const int N = 3;
    int b[4] = {};
    int c[4] = {5, 6, 7, 8};
    int d[(N+1)] = {1, 3, 5, a[3], 8};
    int e[4] = {d[2], c[2], 3, 4, 5};
    return (((e[3]+e[0])+e[1])+d[0]);
}
